    Checking cfg-if v1.0.4
    Checking typenum v1.20.1
    Checking subtle v2.6.1
    Checking rand_core v0.10.1
    Checking cmov v0.5.4
    Checking const-oid v0.9.6
    Checking pin-project-lite v0.2.17
    Checking smallvec v1.15.2
    Checking once_cell v1.21.4
    Checking memchr v2.8.3
    Checking const-oid v0.10.2
    Checking libc v0.2.186
    Checking futures-core v0.3.32
    Checking stable_deref_trait v1.2.1
    Checking bytes v1.12.1
    Checking base64ct v1.8.3
    Checking zeroize v1.9.0
    Checking zerofrom v0.1.8
    Checking futures-sink v0.3.32
    Checking cpufeatures v0.2.17
    Checking itoa v1.0.18
    Checking slab v0.4.12
    Checking cpufeatures v0.3.0
    Checking serde_core v1.0.228
    Checking tracing-core v0.1.36
    Checking libm v0.2.16
    Checking yoke v0.8.3
    Checking futures-channel v0.3.32
    Checking ctutils v0.4.2
    Checking futures-io v0.3.32
    Checking futures-task v0.3.32
    Checking hashbrown v0.17.1
    Checking equivalent v1.0.2
    Checking pem-rfc7468 v0.7.0
   Compiling anyhow v1.0.103
    Checking fnv v1.0.7
    Checking zerovec v0.11.6
    Checking zerocopy v0.8.54
   Compiling bitflags v2.13.1
    Checking der v0.7.10
    Checking futures-util v0.3.32
    Checking http v1.4.2
    Checking tracing v0.1.44
    Checking base64 v0.22.1
   Compiling prost-derive v0.14.4
    Checking percent-encoding v2.3.2
    Checking indexmap v2.14.0
    Checking tower-service v0.3.3
    Checking try-lock v0.2.5
    Checking atomic-waker v1.1.2
    Checking generic-array v0.14.7
    Checking hybrid-array v0.4.13
    Checking want v0.3.1
    Checking getrandom v0.2.17
    Checking getrandom v0.4.3
    Checking errno v0.3.14
    Checking rand_core v0.6.4
    Checking socket2 v0.6.5
    Checking signal-hook-registry v1.4.8
    Checking mio v1.2.2
    Checking tinystr v0.8.3
    Checking num-traits v0.2.19
    Checking http-body v1.1.0
    Checking ff v0.13.1
    Checking spki v0.7.3
    Checking httparse v1.10.1
    Checking httpdate v1.0.3
    Checking crypto-common v0.1.7
    Checking block-buffer v0.10.4
    Checking inout v0.1.4
    Checking pkcs8 v0.10.2
    Checking base16ct v0.2.0
    Checking digest v0.10.7
    Checking tokio v1.52.4
    Checking cipher v0.4.4
    Checking spin v0.9.9
    Checking sec1 v0.7.3
   Compiling rustix v1.1.4
    Checking lazy_static v1.5.0
    Checking hmac v0.12.1
    Checking signature v2.2.0
    Checking sha2 v0.10.9
    Checking hkdf v0.12.4
   Compiling crypto-common v0.2.2
   Compiling block-buffer v0.12.1
    Checking inout v0.2.2
    Checking group v0.13.0
    Checking crypto-bigint v0.5.5
   Compiling thiserror v1.0.69
    Checking sync_wrapper v1.0.2
   Compiling num-conv v0.2.2
   Compiling fastrand v2.4.1
   Compiling same-file v1.0.6
   Compiling pulldown-cmark v0.13.4
    Checking writeable v0.6.3
    Checking log v0.4.33
    Checking litemap v0.8.2
    Checking ipnet v2.12.0
   Compiling prost v0.14.4
    Checking tower-layer v0.3.3
   Compiling time-core v0.1.9
   Compiling walkdir v2.5.0
    Checking icu_locale_core v2.2.0
    Checking thiserror v2.0.18
    Checking num-integer v0.1.46
   Compiling time-macros v0.2.31
    Checking universal-hash v0.5.1
    Checking cipher v0.5.2
   Compiling digest v0.11.3
    Checking unic-langid-impl v0.9.6
   Compiling prost-types v0.14.4
   Compiling sha2 v0.11.0
    Checking potential_utf v0.1.5
    Checking zerotrie v0.2.4
   Compiling petgraph v0.8.3
    Checking deranged v0.5.8
    Checking utf8_iter v1.0.4
    Checking powerfmt v0.2.0
    Checking minimal-lexical v0.2.1
   Compiling mime v0.3.17
    Checking opaque-debug v0.3.1
   Compiling pulldown-cmark-to-cmark v22.0.0
    Checking elliptic-curve v0.13.8
    Checking poly1305 v0.8.0
   Compiling tempfile v3.27.0
    Checking icu_provider v2.2.0
    Checking nom v7.1.3
   Compiling mime_guess v2.0.5
    Checking icu_collections v2.2.0
    Checking unic-langid v0.9.6
    Checking universal-hash v0.6.1
   Compiling rust-embed-utils v8.12.0
    Checking serde v1.0.228
    Checking rfc6979 v0.4.0
    Checking aead v0.5.2
    Checking http-body-util v0.1.4
    Checking rustls-pki-types v1.15.0
    Checking keccak v0.2.0
    Checking untrusted v0.9.0
   Compiling rustc-hash v2.1.3
    Checking cpubits v0.1.1
    Checking ecdsa v0.16.9
    Checking ring v0.17.14
   Compiling type-map v0.5.1
    Checking curve25519-dalek v4.1.3
    Checking icu_normalizer_data v2.2.0
    Checking icu_properties_data v2.2.0
    Checking primeorder v0.13.6
    Checking signature v3.0.0
   Compiling rust-embed-impl v8.12.0
    Checking time v0.3.53
    Checking salsa20 v0.10.2
    Checking regex-syntax v0.8.11
   Compiling self_cell v1.3.0
    Checking linux-raw-sys v0.12.1
    Checking icu_properties v2.2.0
   Compiling self_cell v0.10.3
    Checking pin-project v1.1.13
    Checking ppv-lite86 v0.2.21
   Compiling i18n-config v0.4.8
   Compiling intl-memoizer v0.5.3
    Checking icu_normalizer v2.2.0
    Checking curve25519-dalek v5.0.0
    Checking axum-core v0.5.6
    Checking zmij v1.0.23
    Checking rand_chacha v0.3.1
   Compiling prost-build v0.14.4
   Compiling fluent-syntax v0.11.1
    Checking rand v0.8.7
   Compiling fluent-langneg v0.13.1
   Compiling intl_pluralrules v7.0.2
    Checking matchit v0.8.4
   Compiling rustc-hash v1.1.0
   Compiling scopeguard v1.2.0
    Checking sponge-cursor v0.1.0
   Compiling lock_api v0.4.14
   Compiling i18n-embed-impl v0.8.4
    Checking rusticata-macros v4.1.0
    Checking rustls-webpki v0.103.13
   Compiling fluent-bundle v0.15.3
    Checking idna_adapter v1.2.1
    Checking serde_json v1.0.150
    Checking getrandom v0.3.4
    Checking ed25519 v3.0.0
   Compiling tonic-prost-build v0.14.6
    Checking aes v0.9.1
    Checking polyval v0.7.2
   Compiling parking_lot_core v0.9.12
    Checking futures-executor v0.3.32
    Checking num-bigint v0.4.8
    Checking aead v0.6.1
    Checking utf8parse v0.2.2
    Checking regex-automata v0.4.16
    Checking futures v0.3.32
    Checking anstyle-parse v1.0.0
    Checking rustls v0.23.42
   Compiling fluent v0.16.1
   Compiling parking_lot v0.12.5
    Checking tokio-util v0.7.18
    Checking tokio-stream v0.1.18
    Checking ghash v0.6.0
    Checking rand_core v0.9.5
    Checking ed25519-dalek v3.0.0
    Checking idna v1.1.0
    Checking x25519-dalek v3.0.0
    Checking asn1-rs v0.7.2
   Compiling rust-embed v8.12.0
    Checking p256 v0.13.2
    Checking crypto_secretbox v0.1.1
   Compiling arc-swap v1.9.2
    Checking poly1305 v0.9.1
    Checking ctr v0.10.1
    Checking chacha20 v0.10.1
   Compiling basil-proto v0.8.0-pre.1 (/home/user/project/basil/.work/r8b2/crates/basil-proto)
    Checking hmac v0.13.0
    Checking num-iter v0.1.46
    Checking der v0.8.1
    Checking tracing-log v0.2.0
    Checking module-lattice v0.2.3
    Checking h2 v0.4.15
    Checking tower v0.5.3
    Checking ed25519 v2.2.3
    Checking chacha20 v0.9.1
    Checking sharded-slab v0.1.7
    Checking form_urlencoded v1.2.2
    Checking thread_local v1.1.10
    Checking colorchoice v1.0.5
    Checking arrayvec v0.7.8
    Checking winnow v1.0.4
    Checking anstyle v1.0.14
    Checking openssl-probe v0.2.1
    Checking linux-raw-sys v0.4.15
    Checking tinyvec_macros v0.1.1
    Checking nu-ansi-term v0.50.3
    Checking anstyle-query v1.1.5
    Checking is_terminal_polyfill v1.70.2
    Checking data-encoding v2.11.0
    Checking hex-conservative v0.2.2
    Checking anstream v1.0.0
    Checking tinyvec v1.12.0
    Checking rustls-native-certs v0.8.4
    Checking rustix v0.38.44
    Checking chacha20poly1305 v0.10.1
    Checking url v2.5.8
    Checking ed25519-dalek v2.2.0
    Checking chacha20poly1305 v0.11.0
   Compiling i18n-embed v0.15.4
    Checking hkdf v0.13.0
    Checking aes-gcm v0.11.0
    Checking num-bigint-dig v0.8.6
    Checking cookie-factory v0.3.3
    Checking crossbeam-utils v0.8.22
    Checking sha3 v0.12.0
    Checking sha3 v0.11.0
    Checking spki v0.8.0
    Checking kem v0.3.0
    Checking toml_datetime v1.1.1+spec-1.1.0
    Checking matchers v0.2.0
    Checking serde_bytes v0.11.19
    Checking pbkdf2 v0.12.2
    Checking tracing-subscriber v0.3.23
    Checking pkcs1 v0.7.5
    Checking secrecy v0.10.3
    Checking minicbor v2.2.2
    Checking io_tee v0.1.1
    Checking base64 v0.21.7
    Checking home v0.5.11
    Checking clap_lex v1.1.0
   Compiling strsim v0.11.1
    Checking toml_parser v1.1.2+spec-1.1.0
    Checking toml_writer v1.1.2+spec-1.1.0
    Checking either v1.16.0
    Checking ml-kem v0.3.2
    Checking crossbeam-channel v0.5.16
    Checking clap_builder v4.6.2
    Checking scrypt v0.11.0
    Checking pkcs8 v0.11.0
    Checking rsa v0.9.10
    Checking tower-http v0.6.11
   Compiling i18n-embed-fl v0.9.4
    Checking der-parser v10.0.0
    Checking oid-registry v0.8.1
    Checking unicode-normalization v0.1.25
    Checking bitcoin_hashes v0.14.101
    Checking simple_asn1 v0.6.4
   Compiling basil-core v0.8.0-pre.1 (/home/user/project/basil/.work/r8b2/crates/basil-core)
    Checking basil-cose v0.8.0-pre.1 (/home/user/project/basil/.work/r8b2/crates/basil-cose)
    Checking shake v0.1.0
    Checking x25519-dalek v2.0.1
    Checking p384 v0.13.1
    Checking salsa20 v0.11.0
    Checking which v4.4.2
    Checking serde_spanned v1.1.1
    Checking blake2 v0.10.6
    Checking password-hash v0.5.0
    Checking tokio-rustls v0.26.4
    Checking rustls-platform-verifier v0.7.0
    Checking wait-timeout v0.2.1
    Checking pem v3.0.6
    Checking unsafe-libyaml v0.2.11
    Checking age-core v0.11.0
    Checking bit-vec v0.8.0
    Checking bech32 v0.9.1
    Checking wsl v0.1.0
    Checking quick-error v1.2.3
    Checking ryu v1.0.23
    Checking symlink v0.1.0
    Checking argon2 v0.5.3
    Checking hyper v1.10.1
    Checking rusty-fork v0.3.1
    Checking tracing-appender v0.2.5
    Checking basil-nats v0.8.0-pre.1 (/home/user/project/basil/.work/r8b2/crates/basil-nats)
    Checking jsonwebtoken v10.4.0
    Checking bit-set v0.8.0
    Checking toml v1.1.3+spec-1.1.0
    Checking tracing-journald v0.3.2
    Checking bip39 v2.2.2
    Checking x509-parser v0.18.1
    Checking ml-dsa v0.1.1
    Checking age v0.11.5
    Checking toml_edit v0.25.13+spec-1.1.0
    Checking crypto_box v0.9.1
    Checking rand_xorshift v0.4.0
    Checking rand_chacha v0.9.0
    Checking rand v0.9.5
    Checking aes-kw v0.3.1
    Checking serde_yaml v0.9.34+deprecated
    Checking p521 v0.13.3
    Checking signatory v0.27.1
    Checking uuid v1.24.0
    Checking clap v4.6.2
    Checking zero-secrets v0.2.0
    Checking unarray v0.1.4
    Checking nkeys v0.4.5
    Checking proptest v1.11.0
    Checking hyper-util v0.1.20
    Checking hyper-timeout v0.5.2
    Checking axum v0.8.9
    Checking hyper-rustls v0.27.9
    Checking reqwest v0.13.4
    Checking tonic v0.14.6
    Checking tonic-prost v0.14.6
    Checking basil v0.8.0-pre.1 (/home/user/project/basil/.work/r8b2/crates/basil-client)
    Finished `dev` profile [unoptimized + debuginfo] target(s) in 35.16s
warning: the following packages contain code that will be rejected by a future version of Rust: proc-macro-error2 v2.0.1
note: to see what the problems were, use the option `--future-incompat-report`, or run `cargo report future-incompatibilities --id 1`
