    Checking smallvec v1.15.2
    Checking stable_deref_trait v1.2.1
   Compiling either v1.16.0
    Checking writeable v0.6.3
   Compiling prettyplease v0.2.37
    Checking zerofrom v0.1.8
   Compiling regex-syntax v0.8.11
    Checking litemap v0.8.2
    Checking utf16_iter v1.0.5
    Checking write16 v1.0.0
    Checking aho-corasick v1.1.4
   Compiling rustix v1.1.4
   Compiling crossbeam-utils v0.8.22
   Compiling glob v0.3.3
    Checking linux-raw-sys v0.12.1
   Compiling icu_locale_data v2.2.0
    Checking lock_api v0.4.14
   Compiling bytemuck_derive v1.11.0
    Checking yoke v0.8.3
   Compiling memoffset v0.9.1
    Checking parking_lot_core v0.9.12
   Compiling itertools v0.14.0
   Compiling icu_collator_data v2.2.0
   Compiling minimal-lexical v0.2.1
    Checking zerovec v0.11.6
    Checking zerotrie v0.2.4
   Compiling linux-raw-sys v0.4.15
    Checking parking_lot v0.12.5
    Checking hyper v1.10.1
   Compiling clang-sys v1.8.1
   Compiling nom v7.1.3
    Checking rand_chacha v0.9.0
    Checking polyval v0.6.2
   Compiling rustix v0.38.44
   Compiling strum_macros v0.26.4
   Compiling aegis v0.9.15
   Compiling simsimd v6.5.16
   Compiling miette-derive v7.6.0
   Compiling turso_macros v0.7.0
   Compiling branches v0.4.4
    Checking regex-automata v0.4.16
   Compiling crc32c v0.6.8
   Compiling libloading v0.8.9
   Compiling bigdecimal v0.4.10
    Checking tinystr v0.8.3
    Checking potential_utf v0.1.5
   Compiling uncased v0.9.10
   Compiling io-uring v0.7.13
    Checking icu_locale_core v2.2.0
    Checking icu_collections v2.2.0
   Compiling home v0.5.11
    Checking bytemuck v1.25.1
   Compiling bindgen v0.69.5
   Compiling turso_ext v0.7.0
    Checking iana-time-zone v0.1.65
    Checking unicode-width v0.1.14
   Compiling crossbeam-epoch v0.9.20
   Compiling cfg_aliases v0.2.2
    Checking hyper-util v0.1.20
   Compiling prost-derive v0.14.4
   Compiling turso_core v0.7.0
    Checking chrono v0.4.45
    Checking unic-langid-impl v0.9.6
    Checking miette v7.6.0
   Compiling cexpr v0.6.0
   Compiling tonic-build v0.14.6
    Checking icu_provider v2.2.0
    Checking ghash v0.5.1
    Checking rand v0.9.5
   Compiling itertools v0.12.1
    Checking icu_properties v2.2.0
    Checking icu_normalizer v2.2.0
    Checking strum v0.26.3
   Compiling which v4.4.2
    Checking icu_locale v2.2.0
    Checking ctr v0.9.2
    Checking aes v0.8.4
   Compiling aristo-macros v0.4.1
   Compiling regex v1.13.1
    Checking byteorder v1.5.0
    Checking siphasher v1.0.3
    Checking softaes v0.1.5
   Compiling lazy_static v1.5.0
   Compiling lazycell v1.3.0
    Checking sha1_smol v1.0.1
   Compiling shlex v1.3.0
    Checking aristo v0.4.1
    Checking aes-gcm v0.10.3
    Checking roaring v0.11.3
    Checking uuid v1.24.0
   Compiling prost v0.14.4
    Checking fastbloom v0.14.1
    Checking matchers v0.2.0
    Checking turso_parser v0.7.0
    Checking tracing-subscriber v0.3.23
    Checking twox-hash v2.1.2
    Checking intrusive-collections v0.9.7
   Compiling prost-types v0.14.4
    Checking unic-langid v0.9.6
    Checking icu_collator v2.2.1
    Checking pack1 v1.1.0
    Checking rapidhash v4.5.1
    Checking bumpalo v3.20.3
    Checking allocator-api2 v0.4.0
    Checking hex v0.4.3
    Checking fallible-iterator v0.3.0
    Checking cfg_block v0.1.1
   Compiling pastey v0.2.3
    Checking crossbeam-channel v0.5.16
    Checking env_filter v2.0.0
   Compiling libmimalloc-sys v0.1.49
    Checking genawaiter-macro v0.99.1
    Checking axum v0.8.9
    Checking env_logger v0.11.11
    Checking genawaiter v0.99.1
    Checking idna_adapter v1.2.1
    Checking hyper-timeout v0.5.2
   Compiling turso_sdk_kit_macros v0.7.0
    Checking intl-memoizer v0.5.3
    Checking idna v1.1.0
    Checking intl_pluralrules v7.0.2
    Checking fluent-langneg v0.13.1
    Checking tracing-appender v0.2.5
   Compiling prost-build v0.14.4
    Checking basil-cose v0.8.0-pre.1 (/home/user/project/basil/.work/r8b2/crates/basil-cose)
    Checking num-bigint-dig v0.8.6
    Checking url v2.5.8
    Checking tokio-rustls v0.26.4
    Checking fluent-bundle v0.15.3
    Checking keyring-core v1.0.0
    Checking ed25519-dalek v2.2.0
    Checking hyper-rustls v0.27.9
    Checking tracing-journald v0.3.2
    Checking clap_complete v4.6.7
    Checking basil-compose v0.8.0-pre.1 (/home/user/project/basil/.work/r8b2/crates/basil-compose)
    Checking fluent v0.16.1
    Checking i18n-embed v0.15.4
    Checking tower-http v0.6.11
   Compiling tonic-prost-build v0.14.6
    Checking reqwest v0.13.4
    Checking rsa v0.9.10
   Compiling basil-proto v0.8.0-pre.1 (/home/user/project/basil/.work/r8b2/crates/basil-proto)
   Compiling basil-core v0.8.0-pre.1 (/home/user/project/basil/.work/r8b2/crates/basil-core)
    Checking jsonwebtoken v10.4.0
    Checking tempfile v3.27.0
    Checking polling v3.11.0
    Checking mimalloc v0.1.52
    Checking age-core v0.11.0
    Checking age v0.11.5
    Checking tonic v0.14.6
   Compiling turso_sdk_kit v0.7.0
    Checking tonic-prost v0.14.6
    Checking basil v0.8.0-pre.1 (/home/user/project/basil/.work/r8b2/crates/basil-client)
    Checking turso_sync_engine v0.7.0
    Checking turso_sync_sdk_kit v0.7.0
    Checking turso v0.7.0
    Checking db-keystore v0.4.4
    Checking basil-keystore-backend v0.8.0-pre.1 (/home/user/project/basil/.work/r8b2/crates/basil-keystore-backend)
    Checking basil-bin v0.8.0-pre.1 (/home/user/project/basil/.work/r8b2/crates/basil-bin)
    Finished `dev` profile [unoptimized + debuginfo] target(s) in 36.70s
warning: the following packages contain code that will be rejected by a future version of Rust: proc-macro-error2 v2.0.1
note: to see what the problems were, use the option `--future-incompat-report`, or run `cargo report future-incompatibilities --id 1`
